input file: ./tests/01-test-graph-huawei/Huawei.yaml
input file: ./tests/01-test-graph-huawei/map_new.yaml
input file: ./tests/01-test-graph-huawei/prob.yaml
ParseTreeSpecs
UB
Vector
L0C
Cube
L0AB
L1
MainMemory
start build graph
Node Name: MainMemory
Node Name: L1
Node Name: L0AB
Node Name: Cube
Node Name: L0C
Node Name: Vector
Node Name: UB
========== Graph start ==========
Arch Root: MainMemory
Arch Node Num: 7
Node:MainMemory
Edge:MainMemory to L1
Edge:MainMemory to UB
Node:L1
Edge:L1 to L0AB
Node:L0AB
Edge:L0AB to Cube
Node:Cube
Edge:Cube to L0C
Node:L0C
Edge:L0C to MainMemory
Edge:L0C to Vector
Node:Vector
Edge:Vector to MainMemory
Edge:Vector to L0C
Node:UB
Edge:UB to MainMemory
Edge:UB to Vector
=========== Graph end ===========
Begin ParseWorkload...
--------------Workloads------------
dimensions:[M,512][N,64][K,64][L,512]
Tensors:
  C[M][L]
  A[M][K]
  B[K][L]
  exp[M][L]
  E[M][N]
  D[L][N]
Op: GEMM2(exp,D,)->E
Op: EXP(C,)->exp
Op: GEMM1(A,B,)->C
UseFlattening: 0
Shape:
-----------Shape------------
FactorizedDimensionIDToName:0:M,1:N,2:K,3:L,
FactorizedDimensionNameToID:K:2,L:3,M:0,N:1,
FlattenedDimensionIDToName:0:M,1:N,2:K,3:L,
FlattenedDimensionNameToID:K:2,L:3,M:0,N:1,
NumDataSpaces:6
DataSpaceIDToName:0:C,1:A,2:B,3:exp,4:E,5:D,
DataSpaceNameToID:A:1,B:2,C:0,D:5,E:4,exp:3,
--------End Shape-----------
------------End Workloads----------
==========AccessEnergy===========
Buffer::UB::energy_per_op::read,2145.77
Buffer::UB::energy_per_op::update,2145.77
Buffer::UB::energy_per_op::fill,2145.77
Arith::Vector::energy_per_op,1
Buffer::L0C::energy_per_op::read,2145.77
Buffer::L0C::energy_per_op::update,2145.77
Buffer::L0C::energy_per_op::fill,2145.77
Arith::Cube::energy_per_op,1
Buffer::L0AB::energy_per_op::read,2145.77
Buffer::L0AB::energy_per_op::update,2145.77
Buffer::L0AB::energy_per_op::fill,2145.77
Buffer::L1::energy_per_op::read,2145.77
Buffer::L1::energy_per_op::update,2145.77
Buffer::L1::energy_per_op::fill,2145.77
Buffer::MainMemory::energy_per_op::read,100
Buffer::MainMemory::energy_per_op::update,100
Buffer::MainMemory::energy_per_op::fill,100
========End AccessEnergy=========
